\BOOKMARK [0][-]{chapter.1}{\376\377\000I\000n\000t\000r\000o\000d\000u\000\347\000\343\000o}{}% 1
\BOOKMARK [0][-]{chapter.2}{\376\377\000R\000e\000f\000e\000r\000e\000n\000c\000i\000a\000l\000\040\000t\000e\000\363\000r\000i\000c\000o}{}% 2
\BOOKMARK [1][-]{section.2.1}{\376\377\000O\000r\000d\000e\000n\000a\000\347\000\343\000o\000\040\000p\000o\000r\000\040\000i\000n\000s\000e\000r\000\347\000\343\000o}{chapter.2}% 3
\BOOKMARK [1][-]{section.2.2}{\376\377\000Q\000u\000i\000c\000k\000s\000o\000r\000t\000\040\000e\000\040\000s\000e\000l\000e\000\347\000\343\000o\000\040\000d\000o\000\040\000p\000i\000v\000\364}{chapter.2}% 4
\BOOKMARK [1][-]{section.2.3}{\376\377\000H\000i\000b\000r\000i\000d\000i\000z\000a\000\347\000\343\000o\000\040\000e\000\040\000e\000s\000c\000o\000l\000h\000a\000\040\000d\000o\000\040\000p\000i\000v\000\364}{chapter.2}% 5
\BOOKMARK [0][-]{chapter.3}{\376\377\000M\000e\000t\000o\000d\000o\000l\000o\000g\000i\000a}{}% 6
\BOOKMARK [1][-]{section.3.1}{\376\377\000I\000m\000p\000l\000e\000m\000e\000n\000t\000a\000\347\000\343\000o\000\040\000e\000\040\000m\000a\000s\000s\000a\000s\000\040\000d\000e\000\040\000t\000e\000s\000t\000e}{chapter.3}% 7
\BOOKMARK [1][-]{section.3.2}{\376\377\000C\000a\000l\000i\000b\000r\000a\000\347\000\343\000o\000,\000\040\000m\000e\000d\000i\000\347\000\365\000e\000s\000\040\000e\000\040\000v\000a\000l\000i\000d\000a\000\347\000\343\000o}{chapter.3}% 8
\BOOKMARK [1][-]{section.3.3}{\376\377\000P\000r\000o\000c\000e\000d\000i\000m\000e\000n\000t\000o\000\040\000e\000\040\000o\000r\000g\000a\000n\000i\000z\000a\000\347\000\343\000o\000\040\000d\000o\000s\000\040\000a\000r\000q\000u\000i\000v\000o\000s}{chapter.3}% 9
\BOOKMARK [1][-]{section.3.4}{\376\377\000A\000m\000b\000i\000e\000n\000t\000e\000\040\000d\000e\000\040\000e\000x\000e\000c\000u\000\347\000\343\000o}{chapter.3}% 10
\BOOKMARK [0][-]{chapter.4}{\376\377\000A\000n\000\341\000l\000i\000s\000e\000\040\000d\000a\000s\000\040\000i\000m\000p\000l\000e\000m\000e\000n\000t\000a\000\347\000\365\000e\000s}{}% 11
\BOOKMARK [1][-]{section.4.1}{\376\377\000I\000n\000s\000e\000r\000t\000i\000o\000n\000\040\000S\000o\000r\000t\000\040\000p\000a\000r\000a\000\040\000s\000u\000b\000v\000e\000t\000o\000r\000e\000s\000\040\000p\000e\000q\000u\000e\000n\000o\000s}{chapter.4}% 12
\BOOKMARK [1][-]{section.4.2}{\376\377\000Q\000u\000i\000c\000k\000s\000o\000r\000t\000\040\000r\000e\000c\000u\000r\000s\000i\000v\000o\000\040\000c\000o\000m\000\040\000p\000i\000v\000\364\000\040\000f\000i\000n\000a\000l}{chapter.4}% 13
\BOOKMARK [1][-]{section.4.3}{\376\377\000Q\000u\000i\000c\000k\000s\000o\000r\000t\000\040\000h\000\355\000b\000r\000i\000d\000o\000\040\000e\000\040\000e\000f\000e\000i\000t\000o\000\040\000d\000o\000\040\000l\000i\000m\000i\000a\000r}{chapter.4}% 14
\BOOKMARK [1][-]{section.4.4}{\376\377\000Q\000u\000i\000c\000k\000s\000o\000r\000t\000\040\000h\000\355\000b\000r\000i\000d\000o\000\040\000c\000o\000m\000\040\000m\000e\000d\000i\000a\000n\000a\000-\000d\000e\000-\000t\000r\000\352\000s}{chapter.4}% 15
\BOOKMARK [0][-]{chapter.5}{\376\377\000R\000e\000s\000u\000l\000t\000a\000d\000o\000s\000\040\000e\000\040\000a\000n\000\341\000l\000i\000s\000e}{}% 16
\BOOKMARK [1][-]{section.5.1}{\376\377\000C\000a\000l\000i\000b\000r\000a\000\347\000\343\000o\000\040\000d\000e\000\040\000M}{chapter.5}% 17
\BOOKMARK [1][-]{section.5.2}{\376\377\000R\000e\000s\000u\000l\000t\000a\000d\000o\000s\000\040\000c\000o\000m\000p\000l\000e\000t\000o\000s\000\040\000p\000o\000r\000\040\000c\000e\000n\000\341\000r\000i\000o}{chapter.5}% 18
\BOOKMARK [1][-]{section.5.3}{\376\377\000D\000a\000d\000o\000s\000\040\000a\000l\000e\000a\000t\000\363\000r\000i\000o\000s}{chapter.5}% 19
\BOOKMARK [2][-]{grafico.3}{\376\377\000I\000n\000t\000e\000r\000p\000r\000e\000t\000a\000\347\000\343\000o\000:\000\040\000e\000n\000t\000r\000a\000d\000a\000\040\000a\000l\000e\000a\000t\000\363\000r\000i\000a}{section.5.3}% 20
\BOOKMARK [1][-]{section.5.4}{\376\377\000E\000n\000t\000r\000a\000d\000a\000\040\000c\000r\000e\000s\000c\000e\000n\000t\000e}{chapter.5}% 21
\BOOKMARK [2][-]{grafico.6}{\376\377\000I\000n\000t\000e\000r\000p\000r\000e\000t\000a\000\347\000\343\000o\000:\000\040\000e\000n\000t\000r\000a\000d\000a\000\040\000c\000r\000e\000s\000c\000e\000n\000t\000e}{section.5.4}% 22
\BOOKMARK [1][-]{section.5.5}{\376\377\000E\000n\000t\000r\000a\000d\000a\000\040\000d\000e\000c\000r\000e\000s\000c\000e\000n\000t\000e}{chapter.5}% 23
\BOOKMARK [2][-]{grafico.9}{\376\377\000I\000n\000t\000e\000r\000p\000r\000e\000t\000a\000\347\000\343\000o\000:\000\040\000e\000n\000t\000r\000a\000d\000a\000\040\000d\000e\000c\000r\000e\000s\000c\000e\000n\000t\000e}{section.5.5}% 24
\BOOKMARK [1][-]{section.5.6}{\376\377\000M\000u\000i\000t\000o\000s\000\040\000v\000a\000l\000o\000r\000e\000s\000\040\000r\000e\000p\000e\000t\000i\000d\000o\000s}{chapter.5}% 25
\BOOKMARK [2][-]{grafico.12}{\376\377\000I\000n\000t\000e\000r\000p\000r\000e\000t\000a\000\347\000\343\000o\000:\000\040\000m\000u\000i\000t\000o\000s\000\040\000v\000a\000l\000o\000r\000e\000s\000\040\000r\000e\000p\000e\000t\000i\000d\000o\000s}{section.5.6}% 26
\BOOKMARK [1][-]{section.5.7}{\376\377\000P\000i\000o\000r\000\040\000c\000a\000s\000o\000\040\000e\000x\000p\000l\000\355\000c\000i\000t\000o}{chapter.5}% 27
\BOOKMARK [2][-]{grafico.15}{\376\377\000I\000n\000t\000e\000r\000p\000r\000e\000t\000a\000\347\000\343\000o\000:\000\040\000p\000i\000o\000r\000\040\000c\000a\000s\000o\000\040\000e\000x\000p\000l\000\355\000c\000i\000t\000o\000\040\000c\000o\000m\000\040\000p\000i\000v\000\364\000\040\000f\000i\000n\000a\000l}{section.5.7}% 28
\BOOKMARK [1][-]{section.5.8}{\376\377\000S\000\355\000n\000t\000e\000s\000e\000\040\000q\000u\000a\000n\000t\000i\000t\000a\000t\000i\000v\000a\000\040\000e\000\040\000l\000i\000m\000i\000t\000e\000s\000\040\000d\000a\000\040\000c\000o\000m\000p\000a\000r\000a\000\347\000\343\000o}{chapter.5}% 29
\BOOKMARK [0][-]{chapter.6}{\376\377\000C\000o\000n\000c\000l\000u\000s\000\343\000o}{}% 30
\BOOKMARK [1][-]{section.6.1}{\376\377\000S\000\355\000n\000t\000e\000s\000e\000\040\000d\000o\000s\000\040\000r\000e\000s\000u\000l\000t\000a\000d\000o\000s}{chapter.6}% 31
\BOOKMARK [1][-]{section.6.2}{\376\377\000C\000o\000n\000c\000l\000u\000s\000\365\000e\000s\000\040\000e\000\040\000p\000o\000s\000s\000i\000b\000i\000l\000i\000d\000a\000d\000e\000s\000\040\000d\000e\000\040\000e\000x\000t\000e\000n\000s\000\343\000o}{chapter.6}% 32
\BOOKMARK [0][-]{section.6.2}{\376\377\000R\000e\000f\000e\000r\000\352\000n\000c\000i\000a\000s}{}% 33
